fixIdx,time,lat,lng,tickLead,tickRace,zoneIdx,legIdx,distance,area
1,2012-01-05T03:17:01Z,-33.44221700,147.98270000,1443.0,1443.0,1,1,124.205,
2,2012-01-05T03:17:11Z,-33.44081700,147.98225000,1453.0,1453.0,1,2,124.357,
4,2012-01-05T03:17:12Z,-33.44068300,147.98218300,1454.0,1454.0,2,2,124.372,
