fixIdx,time,lat,lng,tickLead,tickRace,zoneIdx,legIdx,distance,area
1,2012-01-05T05:34:38Z,-33.85097700,147.93912400,9700.0,9700.0,1,1,78.986,
2,2012-01-05T05:34:41Z,-33.85144400,147.93912700,9703.0,9703.0,1,2,79.025,
3,2012-01-05T05:34:44Z,-33.85189500,147.93916700,9706.0,9706.0,2,2,79.062,
4,2012-01-05T05:34:47Z,-33.85223900,147.93911300,9709.0,9709.0,3,2,79.094,
5,2012-01-05T05:34:50Z,-33.85228000,147.93884800,9712.0,9712.0,4,2,79.113,
6,2012-01-05T05:34:53Z,-33.85186200,147.93877300,9715.0,9715.0,5,2,79.082,
7,2012-01-05T05:34:56Z,-33.85131400,147.93896500,9718.0,9718.0,6,2,79.024,
8,2012-01-05T05:34:59Z,-33.85075500,147.93912300,9721.0,9721.0,7,2,78.978,
