fixIdx,time,lat,lng,tickLead,tickRace,zoneIdx,legIdx,distance,area
507,2012-01-05T03:17:01Z,-33.44221700,147.98270000,,,,,,
508,2012-01-05T03:17:11Z,-33.44081700,147.98225000,,,,,,
509,2012-01-05T03:17:11Z,-33.44081700,147.98225000,,,,,,
510,2012-01-05T03:17:12Z,-33.44068300,147.98218300,,,,,,
