fixIdx,time,lat,lng,tickLead,tickRace,zoneIdx,legIdx,distance,area
3840,2012-01-05T05:34:38Z,-33.85097700,147.93912400,,,,,,
3841,2012-01-05T05:34:41Z,-33.85144400,147.93912700,,,,,,
3842,2012-01-05T05:34:44Z,-33.85189500,147.93916700,,,,,,
3843,2012-01-05T05:34:47Z,-33.85223900,147.93911300,,,,,,
3844,2012-01-05T05:34:50Z,-33.85228000,147.93884800,,,,,,
3845,2012-01-05T05:34:53Z,-33.85186200,147.93877300,,,,,,
3846,2012-01-05T05:34:56Z,-33.85131400,147.93896500,,,,,,
3847,2012-01-05T05:34:59Z,-33.85075500,147.93912300,,,,,,
